../Core/Src/main.c:519:13:MX_GPIO_Init	56	static
../Core/Src/main.c:69:6:RF_ShiftRegs	24	static
../Core/Src/main.c:80:6:NRF_cs	8	static
../Core/Src/main.c:94:6:NRF_ce	8	static
../Core/Src/main.c:113:6:NRF_write_reg	40	static
../Core/Src/main.c:124:9:NRF_read_reg	32	static
../Core/Src/main.c:141:6:NRF_burst_write	32	static
../Core/Src/main.c:154:6:NRF_initialization	24	static
../Core/Src/main.c:198:6:NRF_Transmit	24	static
../Core/Src/main.c:231:5:parseGNSS	32	static
../Core/Src/main.c:545:5:__io_getchar	16	static
../Core/Src/main.c:556:6:Error_Handler	0	static,ignoring_inline_asm
../Core/Src/main.c:448:13:MX_SPI2_Init	8	static
../Core/Src/main.c:486:13:MX_USART2_UART_Init	8	static
../Core/Src/main.c:402:6:SystemClock_Config	88	static
../Core/Src/main.c:329:5:main	200	static
